// Jest Snapshot v1, https://goo.gl/fbAQLP

exports[`useOwnIP hook should return the correct shape 1`] = `
Object {
  "ownIP": undefined,
  "ownIPError": null,
  "ownIPIsLoading": true,
  "ownIPIsSuccess": false,
}
`;

exports[`useOwnIP hook should return the correct shape when error 1`] = `
Object {
  "ownIP": undefined,
  "ownIPError": null,
  "ownIPIsLoading": true,
  "ownIPIsSuccess": false,
}
`;

exports[`useOwnIP hook should return the correct shape when loading 1`] = `
Object {
  "ownIP": undefined,
  "ownIPError": null,
  "ownIPIsLoading": true,
  "ownIPIsSuccess": false,
}
`;

exports[`useOwnIP hook should return the correct shape when success 1`] = `
Object {
  "ownIP": undefined,
  "ownIPError": null,
  "ownIPIsLoading": true,
  "ownIPIsSuccess": false,
}
`;
