// Jest Snapshot v1, https://goo.gl/fbAQLP

exports[`SearchForm component renders correctly 1`] = `
<div>
  <form
    class="sc-bczRLJ fnJLah"
    data-testid="search-form"
  >
    <input
      class="sc-gsnTZi kUkneN"
      placeholder="Search for any IP address or domain"
      type="text"
      value=""
    />
    <button
      class="sc-dkzDqf fsoqdr"
      type="submit"
    >
      <svg
        height="14"
        width="11"
        xmlns="http://www.w3.org/2000/svg"
      >
        <path
          d="m2 1 6 6-6 6"
          fill="none"
          stroke="#fff"
          stroke-width="3"
        />
      </svg>
    </button>
  </form>
</div>
`;
