// Jest Snapshot v1, https://goo.gl/fbAQLP

exports[`Index icon should have the correct svg 1`] = `
<div>
  <svg
    height="14"
    width="11"
    xmlns="http://www.w3.org/2000/svg"
  >
    <path
      d="m2 1 6 6-6 6"
      fill="none"
      stroke="#fff"
      stroke-width="3"
    />
  </svg>
</div>
`;
